uno
uno
due
due
tre
tre
quattro
quattro
cinque
cinque
