1500s. : 1
Ipsum : 3
Lorem : 3
and : 1
been : 1
dummy : 2
ever : 1
has : 1
industry's : 1
industry. : 1
is : 1
of : 1
printing : 1
simply : 1
since : 1
standard : 1
text : 2
the : 3
typesetting : 1
1 3 1.4210526315789473
[industry's industry. is]
