|10| |5|
carrello: posizione 2, carico 15
|15| | |
carrello: posizione 0, carico 0
n viaggi: 1
peso max: 10
oggetti trovati:
1 ogg. di peso 5
1 ogg. di peso 10
