1 : e a 
3 : qui quo qua 
4 : qua. 
5 : Pippo Pluto ciao, tutti 
6 : questi 
8 : Paperino 
11 : arrivederci 
